
> jobportal@0.1.0 build
> next build

Γû▓ Next.js 16.2.9 (Turbopack)

  Creating an optimized production build ...
Γ£ô Compiled successfully in 45s
  Running TypeScript ...
npm.cmd : Failed to type check.
At line:1 char:1
+ & 'C:\Program Files\nodejs\npm.cmd' run build 2>&1 | Out-File -FilePa ...
+ ~~~~~~~~~~~~~~~~~~~~~~~~~~~~~~~~~~~~~~~~~~~~~~~~~~
    + CategoryInfo          : NotSpecified: (Failed to type check.:String) [], 
    RemoteException
    + FullyQualifiedErrorId : NativeCommandError
 

.next/dev/types/validator.ts:42:39
Type error: File 'D:/Next.js/jobportal/app/admin/applications/page.tsx' is not 
a module.

  [90m40 |[0m {
  [90m41 |[0m   [36mtype[0m __IsExpected<[33mSpecific[0m 
[36mextends[0m [33mAppPageConfig[0m<[32m"/admin/applications"[0m>> = 
[33mSpecific[0m
[31m[1m>[0m [90m42 |[0m   [36mconst[0m handler = {} [36mas[0m 
[36mtypeof[0m 
[36mimport[0m([32m"../../../app/admin/applications/page.js"[0m)
  [90m   |[0m                                       [31m[1m^[0m
  [90m43 |[0m   [36mtype[0m __Check = __IsExpected<[36mtypeof[0m handler>
  [90m44 |[0m   [90m// @ts-ignore[0m
  [90m45 |[0m   [36mtype[0m __Unused = __Check
Next.js build worker exited with code: 1 and signal: null
